// Jest Snapshot v1, https://goo.gl/fbAQLP

exports[`renders the correct tree 1`] = `
<form
  onReset={[Function]}
  onSubmit={[Function]}
>
  <h3>
    Check out faster, use multiple addresses, track
                         orders and more by creating an account!
  </h3>
  <div>
    <span>
      <span />
      First Name
    </span>
    <span
      style={
        Object {
          "--iconsAfter": 0,
          "--iconsBefore": 0,
        }
      }
    >
      <span>
        <input
          autoComplete="given-name"
          name="customer.firstname"
          onBlur={[Function]}
          onChange={[Function]}
          value=""
        />
      </span>
      <span />
      <span />
    </span>
    <p />
  </div>
  <div>
    <span>
      <span />
      Last Name
    </span>
    <span
      style={
        Object {
          "--iconsAfter": 0,
          "--iconsBefore": 0,
        }
      }
    >
      <span>
        <input
          autoComplete="family-name"
          name="customer.lastname"
          onBlur={[Function]}
          onChange={[Function]}
          value=""
        />
      </span>
      <span />
      <span />
    </span>
    <p />
  </div>
  <div>
    <span>
      <span />
      Email
    </span>
    <span
      style={
        Object {
          "--iconsAfter": 0,
          "--iconsBefore": 0,
        }
      }
    >
      <span>
        <input
          autoComplete="email"
          name="customer.email"
          onBlur={[Function]}
          onChange={[Function]}
          value=""
        />
      </span>
      <span />
      <span />
    </span>
    <p />
  </div>
  <div>
    <span>
      <span />
      Password
    </span>
    <span
      style={
        Object {
          "--iconsAfter": 0,
          "--iconsBefore": 0,
        }
      }
    >
      <span>
        <input
          autoComplete="new-password"
          name="password"
          onBlur={[Function]}
          onChange={[Function]}
          type="password"
          value=""
        />
      </span>
      <span />
      <span />
    </span>
    <p />
  </div>
  <div>
    <span>
      <span />
      Confirm Password
    </span>
    <span
      style={
        Object {
          "--iconsAfter": 0,
          "--iconsBefore": 0,
        }
      }
    >
      <span>
        <input
          name="confirm"
          onBlur={[Function]}
          onChange={[Function]}
          type="password"
          value=""
        />
      </span>
      <span />
      <span />
    </span>
    <p />
  </div>
  <div>
    <label>
      <span />
      <input
        checked={false}
        name="subscribe"
        onBlur={[Function]}
        onChange={[Function]}
        type="checkbox"
      />
      <span>
        Subscribe to news and updates
      </span>
    </label>
    <p />
  </div>
  <div />
  <div>
    <button
      type="submit"
    >
      <span>
        Submit
      </span>
    </button>
  </div>
</form>
`;
