// Jest Snapshot v1, https://goo.gl/fbAQLP

exports[`renders a Cart component 1`] = `
<div
  className="root"
>
  <button
    className="root_highPriority"
    disabled={false}
    onClick={[MockFunction]}
    type="button"
  >
    <span
      className="content"
    >
      <span
        className="root"
      >
        <svg
          fill="none"
          height={16}
          stroke="currentColor"
          strokeLinecap="round"
          strokeLinejoin="round"
          strokeWidth="2"
          viewBox="0 0 24 24"
          width={16}
          xmlns="http://www.w3.org/2000/svg"
        >
          <rect
            height="11"
            rx="2"
            ry="2"
            width="18"
            x="3"
            y="11"
          />
          <path
            d="M7 11V7a5 5 0 0 1 10 0v4"
          />
        </svg>
      </span>
      <span>
        Checkout
      </span>
    </span>
  </button>
</div>
`;
