// Jest Snapshot v1, https://goo.gl/fbAQLP

exports[`renders correctly 1`] = `
<form
  onReset={[Function]}
  onSubmit={[Function]}
>
  <div>
    <label>
      <span />
      Email Address
    </label>
    <span
      style={
        Object {
          "--iconsAfter": 0,
          "--iconsBefore": 0,
        }
      }
    >
      <span>
        <input
          autoComplete="email"
          name="email"
          onBlur={[Function]}
          onChange={[Function]}
          value=""
        />
      </span>
      <span />
      <span />
    </span>
    <p />
  </div>
  <div>
    <button
      type="submit"
    >
      <span>
        Submit
      </span>
    </button>
  </div>
</form>
`;
