// Jest Snapshot v1, https://goo.gl/fbAQLP

exports[`renders a suggestedProduct component 1`] = `
Array [
  <span
    className="image"
  >
    <img
      alt="Product Name"
      className="thumbnail"
      sizes="60px"
      src="/media/catalog/category/minimalist.jpg"
      srcSet="/media/catalog/category/minimalist.jpg 40w,/media/catalog/category/minimalist.jpg 80w,/media/catalog/category/minimalist.jpg 160w,/media/catalog/category/minimalist.jpg 320w,/media/catalog/category/minimalist.jpg 640w,/media/catalog/category/minimalist.jpg 1280w,/media/catalog/category/minimalist.jpg 1600w,/media/catalog/category/minimalist.jpg 2560w"
    />
  </span>,
  <span
    className="name"
  >
    Product Name
  </span>,
  <span
    className="price"
  >
    <div />
  </span>,
]
`;
