// Jest Snapshot v1, https://goo.gl/fbAQLP

exports[`renders correctly 1`] = `
<h2>
  <span>
    Product Suggestions
  </span>
</h2>
`;
