// Jest Snapshot v1, https://goo.gl/fbAQLP

exports[`renders a suggestedProduct component 1`] = `
Array [
  <span
    className="image"
  >
    <img
      alt="Product Name"
      className="thumbnail"
    />
  </span>,
  <span
    className="name"
  >
    Product Name
  </span>,
  <span
    className="price"
  >
    <div />
  </span>,
]
`;
