// Jest Snapshot v1, https://goo.gl/fbAQLP

exports[`renders the ThumbnailList component correctly 1`] = `
<div
  className="root"
>
  <button
    className="rootSelected"
    onClick={[Function]}
  >
    <img
      alt="test-thumbnail1"
      className="image"
      src="/media/catalog/product/thumbnail1.png?auto=webp&format=pjpg&width=240"
    />
  </button>
  <button
    className="root"
    onClick={[Function]}
  >
    <img
      alt="test-thumbnail2"
      className="image"
      src="/media/catalog/product/thumbnail2.png?auto=webp&format=pjpg&width=240"
    />
  </button>
</div>
`;
