// Jest Snapshot v1, https://goo.gl/fbAQLP

exports[`it renders the correct tree 1`] = `
<t>
  <div>
    <span>
      cartItem name
    </span>
    <span>
      <mockConstructor
        currencyCode="USD"
        value={99}
      />
    </span>
  </div>
  <div>
    <section>
      <h2>
        <span>
          Quantity
        </span>
      </h2>
      <Quantity
        initialValue={99}
        onValueChange={[Function]}
        selectLabel="product's quantity"
      />
    </section>
  </div>
  <div>
    <Button
      onClick={[Function]}
      priority="normal"
      type="button"
    >
      <span>
        Cancel
      </span>
    </Button>
    <Button
      disabled={false}
      onClick={[Function]}
      priority="high"
      type="button"
    >
      <span>
        Update Cart
      </span>
    </Button>
  </div>
  <div>
    <LoadingIndicator>
      Updating Cart
    </LoadingIndicator>
  </div>
</t>
`;
