// Jest Snapshot v1, https://goo.gl/fbAQLP

exports[`renders the correct tree 1`] = `
<aside>
  <div>
    <h2>
      Shopping Cart
    </h2>
    <button
      onClick={[Function]}
      type="button"
    >
      <span>
        <svg
          fill="none"
          height="24"
          stroke="currentColor"
          strokeLinecap="round"
          strokeLinejoin="round"
          strokeWidth="2"
          viewBox="0 0 24 24"
          width="24"
          xmlns="http://www.w3.org/2000/svg"
        >
          <line
            x1="18"
            x2="6"
            y1="6"
            y2="18"
          />
          <line
            x1="6"
            x2="18"
            y1="6"
            y2="18"
          />
        </svg>
      </span>
    </button>
  </div>
  <Body
    beginEditItem={[Function]}
    cartItems={
      Array [
        Object {
          "item_id": 1,
          "name": "Unit Test Item",
          "price": 99,
          "product_type": "configurable",
          "qty": 1,
          "quote_id": "1234",
          "sku": "SKU",
        },
      ]
    }
    closeDrawer={[Function]}
    currencyCode="NZD"
    endEditItem={[Function]}
    isEditingItem={false}
    isLoading={false}
    isUpdatingItem={false}
    removeItemFromCart={[MockFunction]}
    updateItemInCart={[Function]}
  />
  <button
    onClick={[Function]}
  />
  <Footer
    currencyCode="NZD"
    isMiniCartMaskOpen={false}
    numItems={1}
    setStep={[Function]}
    step="cart"
    subtotal={99}
  />
</aside>
`;
