// Jest Snapshot v1, https://goo.gl/fbAQLP

exports[`render products with all props & no products 1`] = `
<div
  className=" test-class"
  style={
    Object {
      "border": "solid",
      "borderColor": "red",
      "borderRadius": "15px",
      "borderWidth": "10px",
      "marginBottom": "10px",
      "marginLeft": "10px",
      "marginRight": "10px",
      "marginTop": "10px",
      "paddingBottom": "10px",
      "paddingLeft": "10px",
      "paddingRight": "10px",
      "paddingTop": "10px",
      "textAlign": "right",
    }
  }
>
  <div>
    No products to display
  </div>
</div>
`;

exports[`render products with error state 1`] = `
<div
  className=""
  style={
    Object {
      "border": undefined,
      "borderColor": undefined,
      "borderRadius": undefined,
      "borderWidth": undefined,
      "marginBottom": undefined,
      "marginLeft": undefined,
      "marginRight": undefined,
      "marginTop": undefined,
      "paddingBottom": undefined,
      "paddingLeft": undefined,
      "paddingRight": undefined,
      "paddingTop": undefined,
      "textAlign": undefined,
    }
  }
>
  <div>
    No products to display
  </div>
</div>
`;

exports[`render products with loading state 1`] = `null`;

exports[`render products with no props & no products 1`] = `
<div
  className=""
  style={
    Object {
      "border": undefined,
      "borderColor": undefined,
      "borderRadius": undefined,
      "borderWidth": undefined,
      "marginBottom": undefined,
      "marginLeft": undefined,
      "marginRight": undefined,
      "marginTop": undefined,
      "paddingBottom": undefined,
      "paddingLeft": undefined,
      "paddingRight": undefined,
      "paddingTop": undefined,
      "textAlign": undefined,
    }
  }
>
  <div>
    No products to display
  </div>
</div>
`;
