// Jest Snapshot v1, https://goo.gl/fbAQLP

exports[`renders the correct tree 1`] = `
<form
  onReset={[Function]}
  onSubmit={[Function]}
>
  <label
    className="root"
  >
    <span
      className="icon"
    />
    <input
      checked={false}
      className="input"
      name="a"
      onBlur={[Function]}
      onChange={[Function]}
      type="checkbox"
    />
    <span
      className="label"
    >
      b
    </span>
  </label>
  <p />
</form>
`;
