// Jest Snapshot v1, https://goo.gl/fbAQLP

exports[`appends "_focused" to className if hasFocus is true 1`] = `
<button
  className="root_focused"
  onClick={[Function]}
  style={
    Object {
      "--venia-swatch-bg": "123,123,123",
    }
  }
  title="red"
/>
`;

exports[`appends "_selected" to className if isSelected is true 1`] = `
<button
  className="root_selected"
  onClick={[Function]}
  style={
    Object {
      "--venia-swatch-bg": "123,123,123",
    }
  }
  title="red"
>
  <span
    className="root"
  >
    <svg
      fill="none"
      height="24"
      stroke="currentColor"
      strokeLinecap="round"
      strokeLinejoin="round"
      strokeWidth="2"
      viewBox="0 0 24 24"
      width="24"
      xmlns="http://www.w3.org/2000/svg"
    >
      <polyline
        points="20 6 9 17 4 12"
      />
    </svg>
  </span>
</button>
`;

exports[`renders a Swatch correctly 1`] = `
<button
  className="root"
  onClick={[Function]}
  style={
    Object {
      "--venia-swatch-bg": "123,123,123",
    }
  }
  title="red"
/>
`;

exports[`renders an icon if isSelected is true 1`] = `
<button
  className="root_selected"
  onClick={[Function]}
  style={
    Object {
      "--venia-swatch-bg": "123,123,123",
    }
  }
  title="red"
>
  <span
    className="root"
  >
    <svg
      fill="none"
      height="24"
      stroke="currentColor"
      strokeLinecap="round"
      strokeLinejoin="round"
      strokeWidth="2"
      viewBox="0 0 24 24"
      width="24"
      xmlns="http://www.w3.org/2000/svg"
    >
      <polyline
        points="20 6 9 17 4 12"
      />
    </svg>
  </span>
</button>
`;
