// Jest Snapshot v1, https://goo.gl/fbAQLP

exports[`renders a Checkout Button component 1`] = `
<button
  type="button"
>
  <span>
    <span>
      <svg
        fill="none"
        height={16}
        stroke="currentColor"
        strokeLinecap="round"
        strokeLinejoin="round"
        strokeWidth="2"
        viewBox="0 0 24 24"
        width={16}
        xmlns="http://www.w3.org/2000/svg"
      >
        <rect
          height="11"
          rx="2"
          ry="2"
          width="18"
          x="3"
          y="11"
        />
        <path
          d="M7 11V7a5 5 0 0 1 10 0v4"
        />
      </svg>
    </span>
    <span>
      Checkout
    </span>
  </span>
</button>
`;

exports[`renders a disabled Checkout Button component 1`] = `
<button
  disabled={true}
  type="button"
>
  <span>
    <span>
      <svg
        fill="none"
        height={16}
        stroke="currentColor"
        strokeLinecap="round"
        strokeLinejoin="round"
        strokeWidth="2"
        viewBox="0 0 24 24"
        width={16}
        xmlns="http://www.w3.org/2000/svg"
      >
        <rect
          height="11"
          rx="2"
          ry="2"
          width="18"
          x="3"
          y="11"
        />
        <path
          d="M7 11V7a5 5 0 0 1 10 0v4"
        />
      </svg>
    </span>
    <span>
      Checkout
    </span>
  </span>
</button>
`;
